---
# Source: camunda-platform/charts/zeebe/templates/configmap.yaml
kind: ConfigMap
metadata:
  name: camunda-platform-test-zeebe
  labels:
    app: camunda-platform
    app.kubernetes.io/name: zeebe
    app.kubernetes.io/instance: camunda-platform-test
    app.kubernetes.io/managed-by: Helm
    app.kubernetes.io/part-of: camunda-platform
    app.kubernetes.io/version: "8.2.8"
    app.kubernetes.io/component: zeebe-broker
apiVersion: v1
data:
  broker-log4j2.xml: |
    <xml>
    </xml>